------------------------------------------------------------
TimeQuest Timing Analyzer Summary
------------------------------------------------------------

Type  : Slow 1100mV 85C Model Setup 'Datapath:DATAPATHI|ClockChanger:changeClock|clockOut'
Slack : -7.465
TNS   : -96.926

Type  : Slow 1100mV 85C Model Setup 'CLOCK_50'
Slack : -6.076
TNS   : -332.215

Type  : Slow 1100mV 85C Model Hold 'CLOCK_50'
Slack : -0.045
TNS   : -0.045

Type  : Slow 1100mV 85C Model Hold 'Datapath:DATAPATHI|ClockChanger:changeClock|clockOut'
Slack : 0.436
TNS   : 0.000

Type  : Slow 1100mV 85C Model Recovery 'Datapath:DATAPATHI|ClockChanger:changeClock|clockOut'
Slack : -6.585
TNS   : -115.822

Type  : Slow 1100mV 85C Model Recovery 'CLOCK_50'
Slack : -4.141
TNS   : -473.188

Type  : Slow 1100mV 85C Model Removal 'CLOCK_50'
Slack : 0.271
TNS   : 0.000

Type  : Slow 1100mV 85C Model Removal 'Datapath:DATAPATHI|ClockChanger:changeClock|clockOut'
Slack : 0.511
TNS   : 0.000

Type  : Slow 1100mV 85C Model Minimum Pulse Width 'CLOCK_50'
Slack : -0.425
TNS   : -67.877

Type  : Slow 1100mV 85C Model Minimum Pulse Width 'Datapath:DATAPATHI|ClockChanger:changeClock|clockOut'
Slack : -0.394
TNS   : -11.591

Type  : Slow 1100mV 85C Model Minimum Pulse Width 'Control:CONTROLLER|actualS.Setup'
Slack : 0.424
TNS   : 0.000

Type  : Slow 1100mV 0C Model Setup 'Datapath:DATAPATHI|ClockChanger:changeClock|clockOut'
Slack : -7.477
TNS   : -97.347

Type  : Slow 1100mV 0C Model Setup 'CLOCK_50'
Slack : -5.809
TNS   : -325.934

Type  : Slow 1100mV 0C Model Hold 'CLOCK_50'
Slack : -0.354
TNS   : -0.698

Type  : Slow 1100mV 0C Model Hold 'Datapath:DATAPATHI|ClockChanger:changeClock|clockOut'
Slack : 0.488
TNS   : 0.000

Type  : Slow 1100mV 0C Model Recovery 'Datapath:DATAPATHI|ClockChanger:changeClock|clockOut'
Slack : -6.508
TNS   : -115.172

Type  : Slow 1100mV 0C Model Recovery 'CLOCK_50'
Slack : -3.880
TNS   : -444.072

Type  : Slow 1100mV 0C Model Removal 'CLOCK_50'
Slack : -0.054
TNS   : -2.007

Type  : Slow 1100mV 0C Model Removal 'Datapath:DATAPATHI|ClockChanger:changeClock|clockOut'
Slack : 0.521
TNS   : 0.000

Type  : Slow 1100mV 0C Model Minimum Pulse Width 'CLOCK_50'
Slack : -0.470
TNS   : -73.997

Type  : Slow 1100mV 0C Model Minimum Pulse Width 'Datapath:DATAPATHI|ClockChanger:changeClock|clockOut'
Slack : -0.394
TNS   : -11.412

Type  : Slow 1100mV 0C Model Minimum Pulse Width 'Control:CONTROLLER|actualS.Setup'
Slack : 0.378
TNS   : 0.000

Type  : Fast 1100mV 85C Model Setup 'Datapath:DATAPATHI|ClockChanger:changeClock|clockOut'
Slack : -4.063
TNS   : -50.746

Type  : Fast 1100mV 85C Model Setup 'CLOCK_50'
Slack : -3.692
TNS   : -147.214

Type  : Fast 1100mV 85C Model Hold 'CLOCK_50'
Slack : -0.128
TNS   : -0.174

Type  : Fast 1100mV 85C Model Hold 'Datapath:DATAPATHI|ClockChanger:changeClock|clockOut'
Slack : 0.153
TNS   : 0.000

Type  : Fast 1100mV 85C Model Recovery 'Datapath:DATAPATHI|ClockChanger:changeClock|clockOut'
Slack : -3.536
TNS   : -60.462

Type  : Fast 1100mV 85C Model Recovery 'CLOCK_50'
Slack : -2.180
TNS   : -243.287

Type  : Fast 1100mV 85C Model Removal 'CLOCK_50'
Slack : 0.002
TNS   : 0.000

Type  : Fast 1100mV 85C Model Removal 'Datapath:DATAPATHI|ClockChanger:changeClock|clockOut'
Slack : 0.162
TNS   : 0.000

Type  : Fast 1100mV 85C Model Minimum Pulse Width 'CLOCK_50'
Slack : -0.503
TNS   : -11.644

Type  : Fast 1100mV 85C Model Minimum Pulse Width 'Datapath:DATAPATHI|ClockChanger:changeClock|clockOut'
Slack : 0.037
TNS   : 0.000

Type  : Fast 1100mV 85C Model Minimum Pulse Width 'Control:CONTROLLER|actualS.Setup'
Slack : 0.392
TNS   : 0.000

Type  : Fast 1100mV 0C Model Setup 'Datapath:DATAPATHI|ClockChanger:changeClock|clockOut'
Slack : -3.792
TNS   : -47.325

Type  : Fast 1100mV 0C Model Setup 'CLOCK_50'
Slack : -3.186
TNS   : -127.197

Type  : Fast 1100mV 0C Model Hold 'CLOCK_50'
Slack : -0.356
TNS   : -1.448

Type  : Fast 1100mV 0C Model Hold 'Datapath:DATAPATHI|ClockChanger:changeClock|clockOut'
Slack : 0.146
TNS   : 0.000

Type  : Fast 1100mV 0C Model Recovery 'Datapath:DATAPATHI|ClockChanger:changeClock|clockOut'
Slack : -3.278
TNS   : -56.614

Type  : Fast 1100mV 0C Model Recovery 'CLOCK_50'
Slack : -1.866
TNS   : -208.250

Type  : Fast 1100mV 0C Model Removal 'CLOCK_50'
Slack : -0.244
TNS   : -23.534

Type  : Fast 1100mV 0C Model Removal 'Datapath:DATAPATHI|ClockChanger:changeClock|clockOut'
Slack : 0.141
TNS   : 0.000

Type  : Fast 1100mV 0C Model Minimum Pulse Width 'CLOCK_50'
Slack : -0.513
TNS   : -11.540

Type  : Fast 1100mV 0C Model Minimum Pulse Width 'Datapath:DATAPATHI|ClockChanger:changeClock|clockOut'
Slack : 0.065
TNS   : 0.000

Type  : Fast 1100mV 0C Model Minimum Pulse Width 'Control:CONTROLLER|actualS.Setup'
Slack : 0.418
TNS   : 0.000

------------------------------------------------------------
